// Jest Snapshot v1, https://goo.gl/fbAQLP

exports[`App should match the snapshot 1`] = `
<div
  className="App"
>
  <header>
    <h1
      className="app-title"
    >
      My Order History
    </h1>
    <div
      className="purchase-form"
    >
      <OrderForm
        addOrder={[Function]}
      />
    </div>
  </header>
  <div
    className="purchase-container"
  >
    <Orders
      data={Array []}
      removeOrder={[Function]}
    />
  </div>
</div>
`;
